// Vitest Snapshot v1

exports[`Integer.vue > snapshots the component 1`] = `""`;
