// Vitest Snapshot v1

exports[`Mask.vue > snapshots the component 1`] = `""`;
