// Vitest Snapshot v1

exports[`Tag.vue > snapshots the component 1`] = `"aa"`;
