// Vitest Snapshot v1

exports[`Text.vue > snapshots the component 1`] = `""`;

exports[`TextArea.vue > snapshots the component 1`] = `""`;
