// Vitest Snapshot v1

exports[`Url.vue > snapshots the component 1`] = `""`;
